---
source: compiler-core/src/wasm.rs
expression: wat
---
(module
(type $heap_type (sub (struct (field $tag i64))))
(func $add (export "add") (param $x (ref i31)) (param $y (ref i31)) (result (ref i31))
    (local $z (ref i31))
    (local $a (ref i31))
    (i32.const 10) (ref.i31)
    (local.set $z)
    (i32.const 100) (ref.i31)
    (local.set $a)
    (i32.add (i32.add (i32.add (local.get $x) (i31.get_s) (local.get $y) (i31.get_s)) (ref.i31) (i31.get_s) (local.get $z) (i31.get_s)) (ref.i31) (i31.get_s) (local.get $a) (i31.get_s))
    (ref.i31))
(@producers (language "Gleam" "1.0.0"))
)
