---
source: compiler-core/src/wasm.rs
expression: wat
---
(module
(func $internal_add (param $x i32) (param $y i32) (result i32)
    (i32.add (local.get $x) (local.get $y)))
(func $add (export "add") (param $x i32) (param $y i32) (result i32)
    (call $internal_add (i32.add (local.get $x) (i32.const 1)) (local.get $y))))
