---
source: compiler-core/src/wasm.rs
expression: wat
---
(module
(type $heap_type (sub (struct (field $tag i64))))
(type $Cat_struct (sub $heap_type (struct (field $tag i64) (field $name (ref i31)) (field $cuteness (ref i31)))))
(func $Cat (param $name (ref i31)) (param $cuteness (ref i31)) (result (ref $Cat_struct))
    (i64.const -615244078225387894)
    (local.get $name)
    (local.get $cuteness)
    (struct.new $Cat_struct))
(func $add (export "add") (param $x (ref i31)) (param $y (ref i31)) (result (ref i31))
    (local $cat1 (ref $Cat_struct))
    (call $Cat (local.get $x) (local.get $y))
    (local.set $cat1)
    (i32.add (local.get $cat1) (struct.get $Cat_struct $cuteness) (i31.get_s) (local.get $cat1) (struct.get $Cat_struct $name) (i31.get_s))
    (ref.i31))
(@producers (language "Gleam" "1.0.0"))
)
